src/calculations/broker/broker_transaction_f_d.ts(1,1): error TS1490: File appears to be binary.
